3ef28e6b757d01199f1f2c252493876a  ./xmlsplit_0001.xml
69fb1c5efc63ff9f107d504324ad8fbe  ./xmlsplit_0002.xml
2c67452580981f6c87214f02714654a3  ./xmlsplit_0003.xml
3eeab06dd8c76dbc6cf35a9aa5837073  ./xmlsplit_0004.xml
101df16c2eb83646e9fe46993d2ef8c2  ./xmlsplit_0005.xml
238978d07c134052186c0f5a3b4493e4  ./xmlsplit_0006.xml
