./xmlsplit_0001.xml
./xmlsplit_0002.xml
./xmlsplit_0003.xml
