./split/out/mol000001.cml
./split/out/mol000002.cml
./split/out/mol000003.cml
