./split/out/xmlsplit_0001.xml
./split/out/xmlsplit_0002.xml
./split/out/xmlsplit_0003.xml
