./split/out/molecule-0000001.cml
./split/out/molecule-0000002.cml
./split/out/molecule-0000003.cml
