
  Split concatenated XML file stream into separate XML files and run
  the program that is specified on the command line, in the manner
  'xargs' does it for the arguments read from STDIN.

 USAGE:
     ./xmlxargs --options input1.xmlcat input*.xmlcat
     ./xmlxargs --options < input.xmlcat
 
 OPTIONS:
    -D, --digits 4         Use specified number of digits (0-paded) to number files.
    -h, --header '<xml?'   Use the specified XML header as the stream delimiter
                           (useful values are '<?xml ' (default), '<!DOCTYPE ').
    -i, --replace          Replace '{}' with each file name in the command.
    -I, --insert XYZ       Replace 'XYZ' with each file name in the command.
    -n, --nargs 10         Specify number of arguments for each run (default - unlimited).
    -p, --prefix xmlxargs_ Specify file prefix. Prefix may contain '/' after exisitng dirs.
    -s, --suffix .xml      Specify the suffix (extension) of the created files.
    -d, --tmp-dir /tmp     Specify name of the temporary directory. The directory must exist.
    --help,--usage         Print a short usage message (this message) and exit.
    --debug, --no-debug    Print/do not print internal debug values.

