+ echo 'MD5(/tmp/tmp-xmlxargs-99999/molecule_0000001.cml)' = d8de8a9ce985bf40ef03ff29c9c25b8d /tmp/tmp-xmlxargs-99999/molecule_0000001.cml
+ echo 'MD5(/tmp/tmp-xmlxargs-99999/molecule_0000002.cml)' = 32eee903864ea3d5c407ea251314cdb2 /tmp/tmp-xmlxargs-99999/molecule_0000002.cml
+ echo 'MD5(/tmp/tmp-xmlxargs-99999/molecule_0000003.cml)' = 605d787219899e538103455eb151022c /tmp/tmp-xmlxargs-99999/molecule_0000003.cml
++ md5sum /tmp/tmp-xmlxargs-99999/molecule_0000001.cml
++ md5sum /tmp/tmp-xmlxargs-99999/molecule_0000002.cml
++ md5sum /tmp/tmp-xmlxargs-99999/molecule_0000003.cml
MD5(/tmp/tmp-xmlxargs-99999/molecule_0000001.cml) = d8de8a9ce985bf40ef03ff29c9c25b8d /tmp/tmp-xmlxargs-99999/molecule_0000001.cml
MD5(/tmp/tmp-xmlxargs-99999/molecule_0000002.cml) = 32eee903864ea3d5c407ea251314cdb2 /tmp/tmp-xmlxargs-99999/molecule_0000002.cml
MD5(/tmp/tmp-xmlxargs-99999/molecule_0000003.cml) = 605d787219899e538103455eb151022c /tmp/tmp-xmlxargs-99999/molecule_0000003.cml
